
[1m[30m[46m RUN [49m[39m[22m [36mv4.1.7 [39m[90mD:/Project/image-studio/apps/desktop[39m

 [32mΓ£ô[39m [30m[42m component-jsdom [49m[39m src/components/editor/__tests__/engine-signal-contract.test.tsx [2m([22m[2m15 tests[22m[2m)[22m[33m 2456[2mms[22m[39m
 [32mΓ£ô[39m [30m[42m component-jsdom [49m[39m src/components/editor/__tests__/SelectionTransformOverlay.test.ts [2m([22m[2m19 tests[22m[2m)[22m[33m 464[2mms[22m[39m
 [32mΓ£ô[39m [30m[42m component-jsdom [49m[39m src/components/editor/canvas/__tests__/CanvasViewport.test.tsx [2m([22m[2m90 tests[22m[2m)[22m[33m 7938[2mms[22m[39m
     [33m[2mΓ£ô[22m[39m Move: switching away clears hoverHandle, hoverPos, layerTransformSession [33m 334[2mms[22m[39m
     [33m[2mΓ£ô[22m[39m Transform: switching away clears layerTransformSession (orphan transform state) [33m 315[2mms[22m[39m
     [33m[2mΓ£ô[22m[39m Selection persists across non-crop tool switch (cross-tool UX contract) [33m 363[2mms[22m[39m
     [33m[2mΓ£ô[22m[39m Active layer persists across tool switch (document state contract) [33m 379[2mms[22m[39m
     [33m[2mΓ£ô[22m[39m Brush settings persist across tool switch (user preferences contract) [33m 458[2mms[22m[39m
 [32mΓ£ô[39m [30m[42m component-jsdom [49m[39m src/components/editor/__tests__/CropOverlay.test.tsx [2m([22m[2m39 tests[22m[2m)[22m[33m 663[2mms[22m[39m
pnpm.exe : Not implemented: HTMLCanvasElement's getContext() method: without installing the canvas npm package
At C:\Users\Qolbi\AppData\Local\pnpm\pnpm.ps1:14 char:3
+   & "$basedir/.tools/@pnpm+win-x64/10.33.0/node_modules/@pnpm/win-x64 ...
+   ~~~~~~~~~~~~~~~~~~~~~~~~~~~~~~~~~~~~~~~~~~~~~~~~~~~~~~~~~~~~~~~~~~~
    + CategoryInfo          : NotSpecified: (Not implemented...vas npm package:String) [], RemoteException
    + FullyQualifiedErrorId : NativeCommandError
 
Not implemented: HTMLCanvasElement's getContext() method: without installing the canvas npm package
Not implemented: HTMLCanvasElement's getContext() method: without installing the canvas npm package
Not implemented: HTMLCanvasElement's getContext() method: without installing the canvas npm package
Not implemented: HTMLCanvasElement's getContext() method: without installing the canvas npm package
Not implemented: HTMLCanvasElement's getContext() method: without installing the canvas npm package
Not implemented: HTMLCanvasElement's getContext() method: without installing the canvas npm package
Not implemented: HTMLCanvasElement's getContext() method: without installing the canvas npm package
Not implemented: HTMLCanvasElement's getContext() method: without installing the canvas npm package
Not implemented: HTMLCanvasElement's getContext() method: without installing the canvas npm package
Not implemented: HTMLCanvasElement's getContext() method: without installing the canvas npm package
Not implemented: HTMLCanvasElement's getContext() method: without installing the canvas npm package
Not implemented: HTMLCanvasElement's getContext() method: without installing the canvas npm package
Not implemented: HTMLCanvasElement's getContext() method: without installing the canvas npm package
Not implemented: HTMLCanvasElement's getContext() method: without installing the canvas npm package
Not implemented: HTMLCanvasElement's getContext() method: without installing the canvas npm package
Not implemented: HTMLCanvasElement's getContext() method: without installing the canvas npm package
Not implemented: HTMLCanvasElement's getContext() method: without installing the canvas npm package
Not implemented: HTMLCanvasElement's getContext() method: without installing the canvas npm package
Not implemented: HTMLCanvasElement's getContext() method: without installing the canvas npm package
Not implemented: HTMLCanvasElement's getContext() method: without installing the canvas npm package
Not implemented: HTMLCanvasElement's getContext() method: without installing the canvas npm package
Not implemented: HTMLCanvasElement's getContext() method: without installing the canvas npm package
Not implemented: HTMLCanvasElement's getContext() method: without installing the canvas npm package
 [32mΓ£ô[39m [30m[42m component-jsdom [49m[39m src/components/editor/shell/__tests__/AppTitleBar.test.tsx [2m([22m[2m12 tests[22m[2m)[22m[33m 654[2mms[22m[39m
Not implemented: HTMLCanvasElement's getContext() method: without installing the canvas npm package
Not implemented: HTMLCanvasElement's getContext() method: without installing the canvas npm package
Not implemented: HTMLCanvasElement's getContext() method: without installing the canvas npm package
Not implemented: HTMLCanvasElement's getContext() method: without installing the canvas npm package
 [32mΓ£ô[39m [30m[42m component-jsdom [49m[39m src/components/editor/shell/__tests__/RightDockLayout.test.tsx [2m([22m[2m2 tests[22m[2m)[22m[33m 572[2mms[22m[39m
     [33m[2mΓ£ô[22m[39m renders with default values and allows switching top-level and sub-tabs [33m 443[2mms[22m[39m
Not implemented: HTMLCanvasElement's getContext() method: without installing the canvas npm package
 [32mΓ£ô[39m [30m[42m component-jsdom [49m[39m src/components/editor/__tests__/MoveOptionBar.test.tsx [2m([22m[2m25 tests[22m[2m)[22m[33m 754[2mms[22m[39m
Not implemented: HTMLCanvasElement's getContext() method: without installing the canvas npm package
Not implemented: HTMLCanvasElement's getContext() method: without installing the canvas npm package
Not implemented: HTMLCanvasElement's getContext() method: without installing the canvas npm package
Not implemented: HTMLCanvasElement's getContext() method: without installing the canvas npm package
Not implemented: HTMLCanvasElement's getContext() method: without installing the canvas npm package
Not implemented: HTMLCanvasElement's getContext() method: without installing the canvas npm package
Not implemented: HTMLCanvasElement's getContext() method: without installing the canvas npm package
Not implemented: HTMLCanvasElement's getContext() method: without installing the canvas npm package
Not implemented: HTMLCanvasElement's getContext() method: without installing the canvas npm package
Not implemented: HTMLCanvasElement's getContext() method: without installing the canvas npm package
Not implemented: HTMLCanvasElement's getContext() method: without installing the canvas npm package
Not implemented: HTMLCanvasElement's getContext() method: without installing the canvas npm package
Not implemented: HTMLCanvasElement's getContext() method: without installing the canvas npm package
Not implemented: HTMLCanvasElement's getContext() method: without installing the canvas npm package
Not implemented: HTMLCanvasElement's getContext() method: without installing the canvas npm package
Not implemented: HTMLCanvasElement's getContext() method: without installing the canvas npm package
Not implemented: HTMLCanvasElement's getContext() method: without installing the canvas npm package
Not implemented: HTMLCanvasElement's getContext() method: without installing the canvas npm package
Not implemented: HTMLCanvasElement's getContext() method: without installing the canvas npm package
Not implemented: HTMLCanvasElement's getContext() method: without installing the canvas npm package
Not implemented: HTMLCanvasElement's getContext() method: without installing the canvas npm package
Not implemented: HTMLCanvasElement's getContext() method: without installing the canvas npm package
Not implemented: HTMLCanvasElement's getContext() method: without installing the canvas npm package
Not implemented: HTMLCanvasElement's getContext() method: without installing the canvas npm package
Not implemented: HTMLCanvasElement's getContext() method: without installing the canvas npm package
Not implemented: HTMLCanvasElement's getContext() method: without installing the canvas npm package
Not implemented: HTMLCanvasElement's getContext() method: without installing the canvas npm package
Not implemented: HTMLCanvasElement's getContext() method: without installing the canvas npm package
 [32mΓ£ô[39m [30m[42m component-jsdom [49m[39m src/components/editor/layers/__tests__/LayersPanel.test.tsx [2m([22m[2m8 tests[22m[2m)[22m[33m 873[2mms[22m[39m
Not implemented: HTMLCanvasElement's getContext() method: without installing the canvas npm package
Not implemented: HTMLCanvasElement's getContext() method: without installing the canvas npm package
Not implemented: HTMLCanvasElement's getContext() method: without installing the canvas npm package
Not implemented: HTMLCanvasElement's getContext() method: without installing the canvas npm package
Not implemented: HTMLCanvasElement's getContext() method: without installing the canvas npm package
Not implemented: HTMLCanvasElement's getContext() method: without installing the canvas npm package
Not implemented: HTMLCanvasElement's getContext() method: without installing the canvas npm package
Not implemented: HTMLCanvasElement's getContext() method: without installing the canvas npm package
Not implemented: HTMLCanvasElement's getContext() method: without installing the canvas npm package
Not implemented: HTMLCanvasElement's getContext() method: without installing the canvas npm package
Not implemented: HTMLCanvasElement's getContext() method: without installing the canvas npm package
Not implemented: HTMLCanvasElement's getContext() method: without installing the canvas npm package
Not implemented: HTMLCanvasElement's getContext() method: without installing the canvas npm package
Not implemented: HTMLCanvasElement's getContext() method: without installing the canvas npm package
Not implemented: HTMLCanvasElement's getContext() method: without installing the canvas npm package
Not implemented: HTMLCanvasElement's getContext() method: without installing the canvas npm package
Not implemented: HTMLCanvasElement's getContext() method: without installing the canvas npm package
Not implemented: HTMLCanvasElement's getContext() method: without installing the canvas npm package
Not implemented: HTMLCanvasElement's getContext() method: without installing the canvas npm package
Not implemented: HTMLCanvasElement's getContext() method: without installing the canvas npm package
Not implemented: HTMLCanvasElement's getContext() method: without installing the canvas npm package
Not implemented: HTMLCanvasElement's getContext() method: without installing the canvas npm package
Not implemented: HTMLCanvasElement's getContext() method: without installing the canvas npm package
 [32mΓ£ô[39m [30m[42m component-jsdom [49m[39m src/components/editor/__tests__/PropertiesPanelBasicAdjustments.test.tsx [2m([22m[2m11 tests[22m[2m)[22m[33m 1177[2mms[22m[39m
     [33m[2mΓ£ô[22m[39m previews adjustment on the active bitmap layer as the slider changes [33m 316[2mms[22m[39m
Not implemented: HTMLCanvasElement's getContext() method: without installing the canvas npm package
Not implemented: HTMLCanvasElement's getContext() method: without installing the canvas npm package
Not implemented: HTMLCanvasElement's getContext() method: without installing the canvas npm package
 [32mΓ£ô[39m [30m[42m component-jsdom [49m[39m src/components/editor/__tests__/CropOptionBar.test.tsx [2m([22m[2m39 tests[22m[2m)[22m[33m 1382[2mms[22m[39m
 [32mΓ£ô[39m [30m[42m component-jsdom [49m[39m src/components/editor/__tests__/crossDocDragDropWiring.test.tsx [2m([22m[2m24 tests[22m[2m)[22m[33m 2086[2mms[22m[39m
 [32mΓ£ô[39m [30m[42m component-jsdom [49m[39m src/components/editor/__tests__/Toast.test.tsx [2m([22m[2m5 tests[22m[2m)[22m[33m 350[2mms[22m[39m
 [32mΓ£ô[39m [30m[42m component-jsdom [49m[39m src/components/editor/shell/__tests__/AppMenuBar.test.tsx [2m([22m[2m6 tests[22m[2m)[22m[32m 285[2mms[22m[39m
 [32mΓ£ô[39m [30m[42m component-jsdom [49m[39m src/components/editor/shell/__tests__/DocumentTabsBar.test.tsx [2m([22m[2m9 tests[22m[2m)[22m[32m 253[2mms[22m[39m
 [32mΓ£ô[39m [30m[42m component-jsdom [49m[39m src/components/editor/dialogs/__tests__/ExportDialog.test.tsx [2m([22m[2m8 tests[22m[2m)[22m[32m 251[2mms[22m[39m
Not implemented: HTMLCanvasElement's getContext() method: without installing the canvas npm package
Not implemented: HTMLCanvasElement's getContext() method: without installing the canvas npm package
Not implemented: HTMLCanvasElement's getContext() method: without installing the canvas npm package
 [32mΓ£ô[39m [30m[42m component-jsdom [49m[39m src/components/editor/dialogs/__tests__/DeleteLayerConfirm.test.tsx [2m([22m[2m4 tests[22m[2m)[22m[33m 458[2mms[22m[39m
Not implemented: HTMLCanvasElement's getContext() method: without installing the canvas npm package
Not implemented: HTMLCanvasElement's getContext() method: without installing the canvas npm package
Not implemented: HTMLCanvasElement's getContext() method: without installing the canvas npm package
Not implemented: HTMLCanvasElement's getContext() method: without installing the canvas npm package
Not implemented: HTMLCanvasElement's getContext() method: without installing the canvas npm package
Not implemented: HTMLCanvasElement's getContext() method: without installing the canvas npm package
Not implemented: HTMLCanvasElement's getContext() method: without installing the canvas npm package
Not implemented: HTMLCanvasElement's getContext() method: without installing the canvas npm package
Not implemented: HTMLCanvasElement's getContext() method: without installing the canvas npm package
Not implemented: HTMLCanvasElement's getContext() method: without installing the canvas npm package
Not implemented: HTMLCanvasElement's getContext() method: without installing the canvas npm package
Not implemented: HTMLCanvasElement's getContext() method: without installing the canvas npm package
Not implemented: HTMLCanvasElement's getContext() method: without installing the canvas npm package
Not implemented: HTMLCanvasElement's getContext() method: without installing the canvas npm package
Not implemented: HTMLCanvasElement's getContext() method: without installing the canvas npm package
Not implemented: HTMLCanvasElement's getContext() method: without installing the canvas npm package
Not implemented: HTMLCanvasElement's getContext() method: without installing the canvas npm package
Not implemented: HTMLCanvasElement's getContext() method: without installing the canvas npm package
Not implemented: HTMLCanvasElement's getContext() method: without installing the canvas npm package
Not implemented: HTMLCanvasElement's getContext() method: without installing the canvas npm package
Not implemented: HTMLCanvasElement's getContext() method: without installing the canvas npm package
Not implemented: HTMLCanvasElement's getContext() method: without installing the canvas npm package
Not implemented: HTMLCanvasElement's getContext() method: without installing the canvas npm package
Not implemented: HTMLCanvasElement's getContext() method: without installing the canvas npm package
Not implemented: HTMLCanvasElement's getContext() method: without installing the canvas npm package
Not implemented: HTMLCanvasElement's getContext() method: without installing the canvas npm package
Not implemented: HTMLCanvasElement's getContext() method: without installing the canvas npm package
Not implemented: HTMLCanvasElement's getContext() method: without installing the canvas npm package
Not implemented: HTMLCanvasElement's getContext() method: without installing the canvas npm package
Not implemented: HTMLCanvasElement's getContext() method: without installing the canvas npm package
Not implemented: HTMLCanvasElement's getContext() method: without installing the canvas npm package
Not implemented: HTMLCanvasElement's getContext() method: without installing the canvas npm package
 [32mΓ£ô[39m [30m[42m component-jsdom [49m[39m src/components/editor/layers/__tests__/LayersPanel.reorder.e2e.test.tsx [2m([22m[2m5 tests[22m[2m)[22m[33m 503[2mms[22m[39m
 [32mΓ£ô[39m [30m[42m component-jsdom [49m[39m src/components/editor/shell/__tests__/AppMenuBarWiring.test.tsx [2m([22m[2m7 tests[22m[2m)[22m[33m 543[2mms[22m[39m
Not implemented: HTMLCanvasElement's getContext() method: without installing the canvas npm package
Not implemented: HTMLCanvasElement's getContext() method: without installing the canvas npm package
 [32mΓ£ô[39m [30m[42m component-jsdom [49m[39m src/components/editor/__tests__/FirstImpressionPolish.test.tsx [2m([22m[2m3 tests[22m[2m)[22m[33m 422[2mms[22m[39m
 [32mΓ£ô[39m [30m[42m component-jsdom [49m[39m src/components/editor/canvas/__tests__/CanvasKeyboardLayerShortcuts.test.tsx [2m([22m[2m16 tests[22m[2m | [22m[33m1 skipped[39m[2m)[22m[32m 235[2mms[22m[39m
 [32mΓ£ô[39m [30m[42m component-jsdom [49m[39m src/features/selection/__tests__/SelectionRenderer.test.tsx [2m([22m[2m26 tests[22m[2m)[22m[32m 224[2mms[22m[39m
 [32mΓ£ô[39m [30m[42m component-jsdom [49m[39m src/components/editor/canvas/__tests__/CanvasContextMenu.test.tsx [2m([22m[2m2 tests[22m[2m)[22m[32m 157[2mms[22m[39m
 [32mΓ£ô[39m [30m[42m component-jsdom [49m[39m src/components/editor/dialogs/__tests__/ResizeCanvasModal.test.tsx [2m([22m[2m8 tests[22m[2m)[22m[33m 389[2mms[22m[39m
 [32mΓ£ô[39m [30m[42m component-jsdom [49m[39m src/components/editor/canvas/__tests__/useViewportRenderer.test.tsx [2m([22m[2m4 tests[22m[2m)[22m[32m 181[2mms[22m[39m
 [32mΓ£ô[39m [30m[42m component-jsdom [49m[39m src/components/editor/dialogs/__tests__/DialogProvider.test.tsx [2m([22m[2m4 tests[22m[2m)[22m[32m 180[2mms[22m[39m
 [32mΓ£ô[39m [30m[42m component-jsdom [49m[39m src/components/editor/__tests__/HistoryPanel.test.tsx [2m([22m[2m5 tests[22m[2m)[22m[32m 227[2mms[22m[39m
 [32mΓ£ô[39m [30m[42m component-jsdom [49m[39m src/components/editor/__tests__/NativeMenuCommands.test.tsx [2m([22m[2m4 tests[22m[2m)[22m[32m 246[2mms[22m[39m
 [32mΓ£ô[39m [30m[42m component-jsdom [49m[39m src/components/editor/__tests__/ContextMenu.test.tsx [2m([22m[2m3 tests[22m[2m)[22m[32m 174[2mms[22m[39m
 [32mΓ£ô[39m [30m[42m component-jsdom [49m[39m src/components/editor/__tests__/TransformOptionBar.test.tsx [2m([22m[2m4 tests[22m[2m)[22m[32m 224[2mms[22m[39m
 [32mΓ£ô[39m [30m[42m component-jsdom [49m[39m src/renderer/__tests__/scheduler.test.ts [2m([22m[2m4 tests[22m[2m)[22m[32m 215[2mms[22m[39m
 [32mΓ£ô[39m [30m[42m component-jsdom [49m[39m src/components/editor/__tests__/Tooltip.test.tsx [2m([22m[2m5 tests[22m[2m)[22m[32m 152[2mms[22m[39m
 [32mΓ£ô[39m [30m[42m component-jsdom [49m[39m src/components/editor/__tests__/brushVisualRegression.test.ts [2m([22m[2m5 tests[22m[2m)[22m[32m 83[2mms[22m[39m
 [32mΓ£ô[39m [30m[42m component-jsdom [49m[39m src/components/editor/__tests__/Navigator.test.tsx [2m([22m[2m3 tests[22m[2m)[22m[32m 196[2mms[22m[39m
 [32mΓ£ô[39m [30m[42m component-jsdom [49m[39m src/components/editor/layers/__tests__/useCanvasLayerDrag.test.tsx [2m([22m[2m6 tests[22m[2m)[22m[32m 129[2mms[22m[39m
 [32mΓ£ô[39m [30m[42m component-jsdom [49m[39m src/renderer/__tests__/webgl2-layer-copy.test.ts [2m([22m[2m31 tests[22m[2m)[22m[32m 113[2mms[22m[39m
 [32mΓ£ô[39m [30m[42m component-jsdom [49m[39m src/components/editor/__tests__/brushTipRasterizer.test.ts [2m([22m[2m8 tests[22m[2m)[22m[32m 100[2mms[22m[39m
 [32mΓ£ô[39m [30m[42m component-jsdom [49m[39m src/components/editor/__tests__/BrushOptionBar.test.tsx [2m([22m[2m5 tests[22m[2m)[22m[32m 204[2mms[22m[39m
 [32mΓ£ô[39m [30m[42m component-jsdom [49m[39m src/components/editor/__tests__/BrushContextMenu.test.tsx [2m([22m[2m5 tests[22m[2m)[22m[32m 134[2mms[22m[39m
 [32mΓ£ô[39m [30m[42m component-jsdom [49m[39m src/components/editor/shell/__tests__/LeftToolRailWiring.test.tsx [2m([22m[2m1 test[22m[2m)[22m[32m 185[2mms[22m[39m
 [32mΓ£ô[39m [30m[42m component-jsdom [49m[39m src/lib/__tests__/dom.test.ts [2m([22m[2m11 tests[22m[2m)[22m[32m 64[2mms[22m[39m
 [32mΓ£ô[39m [30m[42m component-jsdom [49m[39m src/components/editor/__tests__/ModernCropKeyboardParity.test.tsx [2m([22m[2m4 tests[22m[2m)[22m[32m 67[2mms[22m[39m
 [32mΓ£ô[39m [30m[42m component-jsdom [49m[39m src/components/editor/__tests__/HistoryPanelWiring.test.tsx [2m([22m[2m1 test[22m[2m)[22m[32m 135[2mms[22m[39m
 [32mΓ£ô[39m [30m[42m component-jsdom [49m[39m src/components/editor/__tests__/SelectionHistoryIntegration.test.tsx [2m([22m[2m7 tests[22m[2m)[22m[32m 98[2mms[22m[39m
 [32mΓ£ô[39m [30m[42m component-jsdom [49m[39m src/engine/__tests__/editableAdjustments.test.ts [2m([22m[2m16 tests[22m[2m)[22m[32m 72[2mms[22m[39m
 [32mΓ£ô[39m [30m[42m component-jsdom [49m[39m src/__tests__/viewportCamera.test.ts [2m([22m[2m25 tests[22m[2m)[22m[32m 139[2mms[22m[39m
Not implemented: HTMLCanvasElement's getContext() method: without installing the canvas npm package
 [32mΓ£ô[39m [30m[42m component-jsdom [49m[39m src/lib/desktop/__tests__/useDesktopGuards.test.ts [2m([22m[2m5 tests[22m[2m)[22m[32m 119[2mms[22m[39m
Not implemented: HTMLCanvasElement's getContext() method: without installing the canvas npm package
Not implemented: HTMLCanvasElement's getContext() method: without installing the canvas npm package
 [32mΓ£ô[39m [30m[42m component-jsdom [49m[39m src/components/editor/layers/__tests__/LayerItem.dragVisual.test.tsx [2m([22m[2m3 tests[22m[2m)[22m[32m 182[2mms[22m[39m
 [32mΓ£ô[39m [30m[42m component-jsdom [49m[39m src/components/editor/__tests__/TransformHud.test.tsx [2m([22m[2m1 test[22m[2m)[22m[32m 104[2mms[22m[39m
 [32mΓ£ô[39m [30m[42m component-jsdom [49m[39m src/components/editor/__tests__/brushHardnessProfile.test.ts [2m([22m[2m16 tests[22m[2m)[22m[32m 68[2mms[22m[39m
 [32mΓ£ô[39m [30m[42m component-jsdom [49m[39m src/components/editor/__tests__/SelectionKeyboardShortcuts.test.tsx [2m([22m[2m7 tests[22m[2m)[22m[32m 94[2mms[22m[39m
 [32mΓ£ô[39m [30m[42m component-jsdom [49m[39m src/components/editor/__tests__/BrushCursorOverlay.test.tsx [2m([22m[2m3 tests[22m[2m)[22m[32m 107[2mms[22m[39m
 [32mΓ£ô[39m [30m[42m component-jsdom [49m[39m src/components/editor/tools/__tests__/brushReferenceAudit.test.ts [2m([22m[2m18 tests[22m[2m)[22m[32m 132[2mms[22m[39m
 [32mΓ£ô[39m [30m[42m component-jsdom [49m[39m src/components/editor/layers/__tests__/layerOperations.test.tsx [2m([22m[2m11 tests[22m[2m)[22m[32m 85[2mms[22m[39m
 [32mΓ£ô[39m [30m[42m component-jsdom [49m[39m src/components/editor/__tests__/DragController.test.tsx [2m([22m[2m10 tests[22m[2m)[22m[32m 61[2mms[22m[39m
 [32mΓ£ô[39m [30m[42m component-jsdom [49m[39m src/components/editor/__tests__/keyboardZoomAnimation.test.tsx [2m([22m[2m26 tests[22m[2m)[22m[32m 64[2mms[22m[39m
 [32mΓ£ô[39m [30m[42m component-jsdom [49m[39m src/components/editor/__tests__/useBrushOverlay.test.ts [2m([22m[2m2 tests[22m[2m)[22m[32m 35[2mms[22m[39m
 [32mΓ£ô[39m [30m[42m component-jsdom [49m[39m src/components/editor/__tests__/pointerToolRouting.test.tsx [2m([22m[2m11 tests[22m[2m)[22m[32m 80[2mms[22m[39m
 [32mΓ£ô[39m [30m[42m component-jsdom [49m[39m src/components/editor/tools/__tests__/pointerCapture.test.ts [2m([22m[2m4 tests[22m[2m)[22m[32m 29[2mms[22m[39m
 [32mΓ£ô[39m [30m[42m component-jsdom [49m[39m src/engine/__tests__/imageDecode.test.ts [2m([22m[2m15 tests[22m[2m)[22m[32m 52[2mms[22m[39m
 [32mΓ£ô[39m [30m[42m component-jsdom [49m[39m src/components/editor/__tests__/cropToolActions.test.ts [2m([22m[2m9 tests[22m[2m)[22m[32m 46[2mms[22m[39m
 [32mΓ£ô[39m [30m[42m component-jsdom [49m[39m src/components/editor/__tests__/DragGlobalGuard.test.tsx [2m([22m[2m4 tests[22m[2m)[22m[32m 57[2mms[22m[39m
 [32mΓ£ô[39m [30m[42m component-jsdom [49m[39m src/components/editor/__tests__/brushUx.test.tsx [2m([22m[2m7 tests[22m[2m)[22m[32m 73[2mms[22m[39m
 [32mΓ£ô[39m [30m[42m component-jsdom [49m[39m src/components/editor/canvas/__tests__/usePanNavigation.test.tsx [2m([22m[2m1 test[22m[2m)[22m[32m 49[2mms[22m[39m
 [32mΓ£ô[39m [30m[42m component-jsdom [49m[39m src/__tests__/ui-sanity.test.ts [2m([22m[2m7 tests[22m[2m)[22m[32m 48[2mms[22m[39m
 [32mΓ£ô[39m [30m[42m component-jsdom [49m[39m src/components/editor/__tests__/ToolKeyboardShortcuts.test.tsx [2m([22m[2m1 test[22m[2m)[22m[32m 49[2mms[22m[39m
 [32mΓ£ô[39m [30m[42m component-jsdom [49m[39m src/components/editor/tools/__tests__/pasteboardClickPolicy.test.ts [2m([22m[2m7 tests[22m[2m)[22m[32m 47[2mms[22m[39m
 [32mΓ£ô[39m [30m[45m unit-node [49m[39m src/components/editor/__tests__/paintStrokeRenderer.test.ts [2m([22m[2m37 tests[22m[2m)[22m[32m 293[2mms[22m[39m
 [32mΓ£ô[39m [30m[45m unit-node [49m[39m src/components/editor/__tests__/brushTipMask.test.ts [2m([22m[2m30 tests[22m[2m)[22m[32m 48[2mms[22m[39m
 [32mΓ£ô[39m [30m[45m unit-node [49m[39m src/components/editor/__tests__/exportDocument.test.ts [2m([22m[2m10 tests[22m[2m)[22m[32m 122[2mms[22m[39m
 [32mΓ£ô[39m [30m[45m unit-node [49m[39m src/features/selection/__tests__/SelectionOperations.test.ts [2m([22m[2m19 tests[22m[2m)[22m[32m 58[2mms[22m[39m
 [32mΓ£ô[39m [30m[45m unit-node [49m[39m src/engine/__tests__/document.test.ts [2m([22m[2m42 tests[22m[2m)[22m[32m 43[2mms[22m[39m
 [32mΓ£ô[39m [30m[45m unit-node [49m[39m src/__tests__/history-audit.test.ts [2m([22m[2m41 tests[22m[2m)[22m[32m 187[2mms[22m[39m
 [32mΓ£ô[39m [30m[45m unit-node [49m[39m src/__tests__/transform-geometry.test.ts [2m([22m[2m68 tests[22m[2m)[22m[32m 56[2mms[22m[39m
 [32mΓ£ô[39m [30m[45m unit-node [49m[39m src/__tests__/modern-crop-geometry.test.ts [2m([22m[2m80 tests[22m[2m)[22m[32m 94[2mms[22m[39m
 [32mΓ£ô[39m [30m[45m unit-node [49m[39m src/engine/__tests__/postCropAlignment.test.ts [2m([22m[2m14 tests[22m[2m)[22m[32m 18[2mms[22m[39m
 [32mΓ£ô[39m [30m[45m unit-node [49m[39m src/components/editor/__tests__/crossDocLayerOps.test.ts [2m([22m[2m15 tests[22m[2m)[22m[32m 31[2mms[22m[39m
 [32mΓ£ô[39m [30m[45m unit-node [49m[39m src/__tests__/input-handler-move.test.ts [2m([22m[2m29 tests[22m[2m)[22m[32m 29[2mms[22m[39m
 [32mΓ£ô[39m [30m[45m unit-node [49m[39m src/__tests__/crop-geometry.test.ts [2m([22m[2m40 tests[22m[2m)[22m[32m 24[2mms[22m[39m
 [32mΓ£ô[39m [30m[45m unit-node [49m[39m src/__tests__/input-handler-selection.test.ts [2m([22m[2m18 tests[22m[2m)[22m[32m 15[2mms[22m[39m
 [32mΓ£ô[39m [30m[45m unit-node [49m[39m src/__tests__/snap-adjustment.test.ts [2m([22m[2m18 tests[22m[2m)[22m[32m 13[2mms[22m[39m
 [32mΓ£ô[39m [30m[45m unit-node [49m[39m src/components/editor/__tests__/brushToolState.test.ts [2m([22m[2m15 tests[22m[2m)[22m[32m 12[2mms[22m[39m
 [31mΓ¥»[39m [30m[45m unit-node [49m[39m src/components/editor/__tests__/crossDocLayerOps.engine.test.ts [2m([22m[2m16 tests[22m[2m | [22m[31m1 failed[39m[2m)[22m[32m 44[2mms[22m[39m
     [32mΓ£ô[39m preserves opacity when copying across documents[32m 5[2mms[22m[39m
     [32mΓ£ô[39m preserves blend mode when copying across documents[32m 1[2mms[22m[39m
     [32mΓ£ô[39m preserves visibility when copying across documents[32m 2[2mms[22m[39m
     [32mΓ£ô[39m preserves size (width/height) of source layer[32m 1[2mms[22m[39m
     [32mΓ£ô[39m places layer at cursor pos for tab drop (editor-standard: user aims the landing position)[32m 1[2mms[22m[39m
     [32mΓ£ô[39m transfers source layer's bitmap to the cloned layer (regression: empty-layer bug)[32m 1[2mms[22m[39m
     [32mΓ£ô[39m does not copy to target when Alt-moving the source document's last layer[32m 3[2mms[22m[39m
     [32mΓ£ô[39m does not commit history or create empty layers when any file fails before mutation[32m 3[2mms[22m[39m
[31m     [31m├ù[31m closes already-decoded bitmaps when a later file fails (no GPU leak)[39m[32m 11[2mms[22m[39m
     [32mΓ£ô[39m creates layers from File objects using browser createImageBitmap[32m 4[2mms[22m[39m
     [32mΓ£ô[39m commits history before mutation (undo-friendly)[32m 1[2mms[22m[39m
     [32mΓ£ô[39m targets active document when target is canvas[32m 1[2mms[22m[39m
     [32mΓ£ô[39m returns empty array and error toast when createImageBitmap fails[32m 1[2mms[22m[39m
     [32mΓ£ô[39m closes decoded bitmaps when a later file fails (no GPU leak)[32m 1[2mms[22m[39m
     [32mΓ£ô[39m handles multiple files with cascading positions[32m 2[2mms[22m[39m
     [32mΓ£ô[39m bails with toast when adding files exceeds max 100 layers[32m 3[2mms[22m[39m
 [32mΓ£ô[39m [30m[45m unit-node [49m[39m src/__tests__/transform.test.ts [2m([22m[2m15 tests[22m[2m)[22m[32m 6[2mms[22m[39m
 [32mΓ£ô[39m [30m[45m unit-node [49m[39m src/__tests__/smart-guides.test.ts [2m([22m[2m11 tests[22m[2m)[22m[32m 21[2mms[22m[39m
 [32mΓ£ô[39m [30m[45m unit-node [49m[39m src/engine/__tests__/errorResilience.test.ts [2m([22m[2m11 tests[22m[2m)[22m[32m 37[2mms[22m[39m
 [32mΓ£ô[39m [30m[45m unit-node [49m[39m src/__tests__/cursor-resolver.test.ts [2m([22m[2m27 tests[22m[2m)[22m[32m 13[2mms[22m[39m
 [32mΓ£ô[39m [30m[45m unit-node [49m[39m src/engine/__tests__/history.test.ts [2m([22m[2m13 tests[22m[2m)[22m[32m 12[2mms[22m[39m
 [32mΓ£ô[39m [30m[45m unit-node [49m[39m src/__tests__/keyboard-shortcuts.test.ts [2m([22m[2m28 tests[22m[2m)[22m[32m 10[2mms[22m[39m
 [32mΓ£ô[39m [30m[42m component-jsdom [49m[39m src/components/editor/tools/__tests__/toolLifecycle.test.ts [2m([22m[2m3 tests[22m[2m)[22m[32m 18[2mms[22m[39m
 [32mΓ£ô[39m [30m[45m unit-node [49m[39m src/features/selection/__tests__/SelectionManager.test.ts [2m([22m[2m18 tests[22m[2m)[22m[32m 12[2mms[22m[39m
 [32mΓ£ô[39m [30m[45m unit-node [49m[39m src/features/selection/__tests__/SelectionValidator.test.ts [2m([22m[2m19 tests[22m[2m)[22m[32m 19[2mms[22m[39m
 [32mΓ£ô[39m [30m[42m component-jsdom [49m[39m src/components/editor/__tests__/EditorContextDebug.test.ts [2m([22m[2m4 tests[22m[2m)[22m[32m 29[2mms[22m[39m
 [32mΓ£ô[39m [30m[45m unit-node [49m[39m src/__tests__/crop-snap.test.ts [2m([22m[2m8 tests[22m[2m)[22m[32m 6[2mms[22m[39m
 [32mΓ£ô[39m [30m[45m unit-node [49m[39m src/components/editor/__tests__/paintSmoothing.test.ts [2m([22m[2m10 tests[22m[2m)[22m[32m 6[2mms[22m[39m
 [32mΓ£ô[39m [30m[42m component-jsdom [49m[39m src/engine/__tests__/layerAdjustments.test.ts [2m([22m[2m3 tests[22m[2m)[22m[32m 19[2mms[22m[39m
 [32mΓ£ô[39m [30m[45m unit-node [49m[39m src/__tests__/modern-crop-state.test.ts [2m([22m[2m9 tests[22m[2m)[22m[32m 6[2mms[22m[39m
 [32mΓ£ô[39m [30m[45m unit-node [49m[39m src/__tests__/move-rotate-cursor.test.ts [2m([22m[2m3 tests[22m[2m)[22m[32m 2[2mms[22m[39m
 [32mΓ£ô[39m [30m[45m unit-node [49m[39m src/__tests__/layer-hit-test.test.ts [2m([22m[2m8 tests[22m[2m)[22m[32m 5[2mms[22m[39m
 [32mΓ£ô[39m [30m[45m unit-node [49m[39m src/__tests__/input-handler-snap.test.ts [2m([22m[2m4 tests[22m[2m)[22m[32m 10[2mms[22m[39m
 [32mΓ£ô[39m [30m[45m unit-node [49m[39m src/__tests__/renderer.test.ts [2m([22m[2m12 tests[22m[2m)[22m[32m 7[2mms[22m[39m
 [32mΓ£ô[39m [30m[45m unit-node [49m[39m src/engine/__tests__/undoEdgeCases.test.ts [2m([22m[2m7 tests[22m[2m)[22m[32m 10[2mms[22m[39m
 [32mΓ£ô[39m [30m[45m unit-node [49m[39m src/components/editor/__tests__/rotateBand.test.ts [2m([22m[2m12 tests[22m[2m)[22m[32m 6[2mms[22m[39m
 [32mΓ£ô[39m [30m[45m unit-node [49m[39m src/renderer/__tests__/webgl2-scissor.test.ts [2m([22m[2m5 tests[22m[2m)[22m[32m 5[2mms[22m[39m
 [32mΓ£ô[39m [30m[45m unit-node [49m[39m src/components/editor/__tests__/transformSession.test.ts [2m([22m[2m4 tests[22m[2m)[22m[32m 5[2mms[22m[39m
 [32mΓ£ô[39m [30m[45m unit-node [49m[39m src/__tests__/cursor-rotate.test.ts [2m([22m[2m8 tests[22m[2m)[22m[32m 5[2mms[22m[39m
 [32mΓ£ô[39m [30m[45m unit-node [49m[39m src/engine/__tests__/paintHistoryBudget.test.ts [2m([22m[2m5 tests[22m[2m)[22m[32m 3[2mms[22m[39m
 [32mΓ£ô[39m [30m[45m unit-node [49m[39m src/components/editor/__tests__/dragTypes.test.ts [2m([22m[2m6 tests[22m[2m)[22m[32m 2[2mms[22m[39m
 [32mΓ£ô[39m [30m[45m unit-node [49m[39m src/components/editor/__tests__/paintStrokeCoordinates.test.ts [2m([22m[2m3 tests[22m[2m)[22m[32m 4[2mms[22m[39m
 [32mΓ£ô[39m [30m[45m unit-node [49m[39m src/__tests__/viewport.test.ts [2m([22m[2m5 tests[22m[2m)[22m[32m 3[2mms[22m[39m
 [32mΓ£ô[39m [30m[45m unit-node [49m[39m src/engine/__tests__/blendModes.test.ts [2m([22m[2m3 tests[22m[2m)[22m[32m 2[2mms[22m[39m
 [32mΓ£ô[39m [30m[42m component-jsdom [49m[39m src/components/editor/canvas/__tests__/viewport-state-sync.test.tsx [2m([22m[2m1 test[22m[2m)[22m[32m 21[2mms[22m[39m
 [32mΓ£ô[39m [30m[45m unit-node [49m[39m src/engine/__tests__/workspace.test.ts [2m([22m[2m3 tests[22m[2m)[22m[32m 14[2mms[22m[39m
 [32mΓ£ô[39m [30m[45m unit-node [49m[39m src/components/editor/__tests__/paintCommitCommand.test.ts [2m([22m[2m3 tests[22m[2m)[22m[32m 14[2mms[22m[39m
 [32mΓ£ô[39m [30m[45m unit-node [49m[39m src/engine/__tests__/cropUndoIntegration.test.ts [2m([22m[2m9 tests[22m[2m)[22m[32m 17[2mms[22m[39m

[31mΓÄ»ΓÄ»ΓÄ»ΓÄ»ΓÄ»ΓÄ»ΓÄ»[39m[1m[41m Failed Tests 1 [49m[22m[31mΓÄ»ΓÄ»ΓÄ»ΓÄ»ΓÄ»ΓÄ»ΓÄ»[39m

[41m[1m FAIL [22m[49m [30m[45m unit-node [49m[39m 
src/components/editor/__tests__/crossDocLayerOps.engine.test.ts[2m > [22maddFilesAsLayers ΓÇö real engine 
decode-first contract[2m > [22mcloses already-decoded bitmaps when a later file fails (no GPU leak)
[31m[1mAssertionError[22m: expected "vi.fn()" to be called 1 times, but got 0 times[39m
[36m [2mΓ¥»[22m src/components/editor/__tests__/crossDocLayerOps.engine.test.ts:[2m267:22[22m[39m
    [90m265|[39m     [34mexpect[39m(created)[33m.[39m[34mtoEqual[39m([])[33m;[39m
    [90m266|[39m     [90m// First bitmap was decoded then freed[39m
    [90m267|[39m     [34mexpect[39m(closeFn1)[33m.[39m[34mtoHaveBeenCalledTimes[39m([34m1[39m)[33m;[39m
    [90m   |[39m                      [31m^[39m
    [90m268|[39m   })[33m;[39m
    [90m269|[39m })[33m;[39m

[31m[2mΓÄ»ΓÄ»ΓÄ»ΓÄ»ΓÄ»ΓÄ»ΓÄ»ΓÄ»ΓÄ»ΓÄ»ΓÄ»ΓÄ»ΓÄ»ΓÄ»ΓÄ»ΓÄ»ΓÄ»ΓÄ»ΓÄ»ΓÄ»ΓÄ»ΓÄ»ΓÄ»ΓÄ»[1/1]ΓÄ»[22m[39m


[2m Test Files [22m [1m[31m1 failed[39m[22m[2m | [22m[1m[32m113 passed[39m[22m[90m (114)[39m
[2m      Tests [22m [1m[31m1 failed[39m[22m[2m | [22m[1m[32m1482 passed[39m[22m[2m | [22m[33m1 skipped[39m[90m (1484)[39m
[2m   Start at [22m 18:37:47
[2m   Duration [22m 80.96s[2m (transform 117.58s, setup 30.98s, import 252.03s, tests 29.42s, environment 204.73s)[22m

